// Jest Snapshot v1, https://goo.gl/fbAQLP

exports[`Project should match snapshot 1`] = `
<Link
  to="/projects/undefined"
>
  <div
    className="project"
  >
    <div
      className="project-head"
    >
      <img
        alt="home-icon"
        className="home"
        src="home.png"
      />
      <h2 />
      <i
        class="fas fa-trash-alt"
      />
    </div>
    <div
      className="project-description"
    >
      <p />
      <p />
      <p>
        2
         Rooms
      </p>
    </div>
  </div>
</Link>
`;
