// Jest Snapshot v1, https://goo.gl/fbAQLP

exports[`Project should match snapshot 1`] = `
<div
  className="container"
>
  <Link
    to="/projects/undefined"
  >
    <div
      className="project"
    >
      <div
        className="project-head"
      >
        <img
          alt="home-icon"
          className="home"
          src="home.png"
        />
        <h2 />
      </div>
      <div
        className="project-description"
      >
        <p />
        <p />
      </div>
    </div>
  </Link>
  <div
    className="project-delete"
  >
    <ConnectFunction
      type="project"
    />
  </div>
</div>
`;
