// Jest Snapshot v1, https://goo.gl/fbAQLP

exports[`ProjectDetails should match snapshot 1`] = `
<div>
  <div>
    <div>
      <div
        className="project-page"
      >
        <ConnectFunction
          className="add-room-btn"
          id={1}
        />
        <div
          className="basic"
        >
          <h2>
            House 1
          </h2>
          <p>
            123 Fake St.
          </p>
          <p>
            Big, white house
          </p>
        </div>
        <ConnectFunction
          address="123 Fake St."
          className="edit-project-btn"
          description="Big, white house"
          id={1}
          name="House 1"
        />
      </div>
    </div>
  </div>
</div>
`;
