// Jest Snapshot v1, https://goo.gl/fbAQLP

exports[`EditProject should match snapshot 1`] = `
<div>
  <Button
    block={false}
    ghost={false}
    htmlType="button"
    loading={false}
    onClick={[Function]}
    type="primary"
  >
    <i
      className="fas fa-pen"
    />
  </Button>
  <Form(Component)
    editProject={[Function]}
    onCancel={[Function]}
    onCreate={[Function]}
    visible={false}
  />
</div>
`;
