// Jest Snapshot v1, https://goo.gl/fbAQLP

exports[`Materials should match snapshot 1`] = `
<div>
  <div>
    <Collapse
      bordered={true}
      expandIconPosition="left"
      openAnimation={
        Object {
          "appear": [Function],
          "enter": [Function],
          "leave": [Function],
        }
      }
    >
      <CollapsePanel
        header="shower"
        key="0"
      >
        <Material
          brand="Kenmoore"
          id={1}
          key="0"
          manual_url={null}
          model_number="abc1"
          name="Material 1"
          notes={null}
          quantity={null}
          unit_price={null}
          vendor="HD"
        />
        <Material
          brand="Best brand"
          id={2}
          key="1"
          manual_url={null}
          model_number="1234aa"
          name="Material 2"
          notes={null}
          quantity={null}
          unit_price={null}
          vendor="HD"
        />
      </CollapsePanel>
      <CollapsePanel
        header="sink"
        key="1"
      >
        <Material
          brand="Kenmoore"
          id={3}
          key="0"
          manual_url={null}
          model_number="hejso125"
          name="Material 3"
          notes={null}
          quantity={null}
          unit_price={null}
          vendor="HD"
        />
      </CollapsePanel>
    </Collapse>
  </div>
  <div
    className="add-material-btn"
  >
    <NewMaterial />
  </div>
</div>
`;
