// Jest Snapshot v1, https://goo.gl/fbAQLP

exports[`RoomItems should match snapshot 1`] = `
<div>
  <Collapse
    bordered={true}
    expandIconPosition="left"
    onChange={[Function]}
    openAnimation={
      Object {
        "appear": [Function],
        "enter": [Function],
        "leave": [Function],
      }
    }
  >
    <CollapsePanel
      header="Flooring"
      key="0"
    >
      <div
        className="material"
        key="0"
      >
        <p>
          Material 1
          , 
          Kenmoore
        </p>
        <div
          className="material-control"
        >
          <button
            className="edit-material-btn"
          >
            <i
              class="fas fa-pen"
            />
          </button>
          <button
            className="delete-material-btn"
          >
            <i
              class="fas fa-trash-alt"
            />
          </button>
        </div>
      </div>
      <div
        className="material"
        key="1"
      >
        <p>
          Material 2
          , 
          Kenmoore
        </p>
        <div
          className="material-control"
        >
          <button
            className="edit-material-btn"
          >
            <i
              class="fas fa-pen"
            />
          </button>
          <button
            className="delete-material-btn"
          >
            <i
              class="fas fa-trash-alt"
            />
          </button>
        </div>
      </div>
    </CollapsePanel>
    <CollapsePanel
      header="Fixtures"
      key="1"
    >
      <div
        className="material"
        key="0"
      >
        <p>
          Material A
          , 
          GE
        </p>
        <div
          className="material-control"
        >
          <button
            className="edit-material-btn"
          >
            <i
              class="fas fa-pen"
            />
          </button>
          <button
            className="delete-material-btn"
          >
            <i
              class="fas fa-trash-alt"
            />
          </button>
        </div>
      </div>
    </CollapsePanel>
  </Collapse>
  <button
    className="add-material-btn"
  >
    Add New Material
  </button>
</div>
`;
