// Jest Snapshot v1, https://goo.gl/fbAQLP

exports[`SideDrawer should match snapshot 1`] = `
<div
  id="menu"
>
  <img
    alt="menu"
    onClick={[Function]}
    src="https://img.icons8.com/ios/30/ffffff/menu-filled.png"
  />
  <withConfigConsumer(Drawer)
    closable={false}
    onClose={[Function]}
    placement="left"
    title="Your Projects"
    visible={false}
    width={500}
  >
    <Link
      key="linkundefined"
      onClick={[Function]}
      to="/projects/undefined"
    >
      <Button
        block={true}
        className="side-drawer-btn"
        ghost={false}
        htmlType="button"
        loading={false}
        type="default"
      />
    </Link>
    <Link
      key="linkundefined"
      onClick={[Function]}
      to="/projects/undefined"
    >
      <Button
        block={true}
        className="side-drawer-btn"
        ghost={false}
        htmlType="button"
        loading={false}
        type="default"
      />
    </Link>
    <div
      style={
        Object {
          "background": "#fff",
          "borderRadius": "0 0 4px 4px",
          "borderTop": "1px solid #e8e8e8",
          "bottom": 0,
          "left": 0,
          "padding": "10px 16px",
          "position": "absolute",
          "textAlign": "right",
          "width": "100%",
        }
      }
    >
      <Button
        block={false}
        ghost={false}
        htmlType="button"
        loading={false}
        onClick={[Function]}
        style={
          Object {
            "marginRight": 8,
          }
        }
      >
        Cancel
      </Button>
    </div>
  </withConfigConsumer(Drawer)>
</div>
`;
