// Jest Snapshot v1, https://goo.gl/fbAQLP

exports[`NewRoom should match snapshot 1`] = `
<div>
  <Button
    block={false}
    className="header-btn"
    ghost={false}
    htmlType="button"
    loading={false}
    onClick={[Function]}
    type="primary"
  >
    Create New Room
  </Button>
  <Form(Component)
    newRoom={[Function]}
    onCancel={[Function]}
    onCreate={[Function]}
    visible={false}
  />
</div>
`;
